E:/w/Hacatons/Vladik/train\1.png
E:/w/Hacatons/Vladik/train\100.png
E:/w/Hacatons/Vladik/train\101.png
E:/w/Hacatons/Vladik/train\103.png
E:/w/Hacatons/Vladik/train\105.png
E:/w/Hacatons/Vladik/train\106.png
E:/w/Hacatons/Vladik/train\107.png
E:/w/Hacatons/Vladik/train\108.png
E:/w/Hacatons/Vladik/train\109.png
E:/w/Hacatons/Vladik/train\11.png
E:/w/Hacatons/Vladik/train\110.png
E:/w/Hacatons/Vladik/train\111.png
E:/w/Hacatons/Vladik/train\112.png
E:/w/Hacatons/Vladik/train\114.png
E:/w/Hacatons/Vladik/train\115.png
E:/w/Hacatons/Vladik/train\116.png
E:/w/Hacatons/Vladik/train\118.png
E:/w/Hacatons/Vladik/train\120.png
E:/w/Hacatons/Vladik/train\121.png
E:/w/Hacatons/Vladik/train\122.png
E:/w/Hacatons/Vladik/train\123.png
E:/w/Hacatons/Vladik/train\124.png
E:/w/Hacatons/Vladik/train\125.png
E:/w/Hacatons/Vladik/train\126.png
E:/w/Hacatons/Vladik/train\127.png
E:/w/Hacatons/Vladik/train\128.png
E:/w/Hacatons/Vladik/train\129.png
E:/w/Hacatons/Vladik/train\13.png
E:/w/Hacatons/Vladik/train\130.png
E:/w/Hacatons/Vladik/train\132.png
E:/w/Hacatons/Vladik/train\133.png
E:/w/Hacatons/Vladik/train\135.png
E:/w/Hacatons/Vladik/train\136.png
E:/w/Hacatons/Vladik/train\137.png
E:/w/Hacatons/Vladik/train\138.png
E:/w/Hacatons/Vladik/train\14.png
E:/w/Hacatons/Vladik/train\140.png
E:/w/Hacatons/Vladik/train\141.png
E:/w/Hacatons/Vladik/train\142.png
E:/w/Hacatons/Vladik/train\143.png
E:/w/Hacatons/Vladik/train\144.png
E:/w/Hacatons/Vladik/train\145.png
E:/w/Hacatons/Vladik/train\146.png
E:/w/Hacatons/Vladik/train\148.png
E:/w/Hacatons/Vladik/train\15.png
E:/w/Hacatons/Vladik/train\150.png
E:/w/Hacatons/Vladik/train\151.png
E:/w/Hacatons/Vladik/train\152.png
E:/w/Hacatons/Vladik/train\155.png
E:/w/Hacatons/Vladik/train\156.png
E:/w/Hacatons/Vladik/train\157.png
E:/w/Hacatons/Vladik/train\158.png
E:/w/Hacatons/Vladik/train\159.png
E:/w/Hacatons/Vladik/train\16.png
E:/w/Hacatons/Vladik/train\160.png
E:/w/Hacatons/Vladik/train\161.png
E:/w/Hacatons/Vladik/train\162.png
E:/w/Hacatons/Vladik/train\163.png
E:/w/Hacatons/Vladik/train\164.png
E:/w/Hacatons/Vladik/train\165.png
E:/w/Hacatons/Vladik/train\166.png
E:/w/Hacatons/Vladik/train\167.png
E:/w/Hacatons/Vladik/train\168.png
E:/w/Hacatons/Vladik/train\169.png
E:/w/Hacatons/Vladik/train\17.png
E:/w/Hacatons/Vladik/train\170.png
E:/w/Hacatons/Vladik/train\171.png
E:/w/Hacatons/Vladik/train\172.png
E:/w/Hacatons/Vladik/train\173.png
E:/w/Hacatons/Vladik/train\175.png
E:/w/Hacatons/Vladik/train\177.png
E:/w/Hacatons/Vladik/train\178.png
E:/w/Hacatons/Vladik/train\179.png
E:/w/Hacatons/Vladik/train\180.png
E:/w/Hacatons/Vladik/train\181.png
E:/w/Hacatons/Vladik/train\182.png
E:/w/Hacatons/Vladik/train\183.png
E:/w/Hacatons/Vladik/train\185.png
E:/w/Hacatons/Vladik/train\186.png
E:/w/Hacatons/Vladik/train\187.png
E:/w/Hacatons/Vladik/train\188.png
E:/w/Hacatons/Vladik/train\189.png
E:/w/Hacatons/Vladik/train\19.png
E:/w/Hacatons/Vladik/train\190.png
E:/w/Hacatons/Vladik/train\191.png
E:/w/Hacatons/Vladik/train\192.png
E:/w/Hacatons/Vladik/train\193.png
E:/w/Hacatons/Vladik/train\194.png
E:/w/Hacatons/Vladik/train\196.png
E:/w/Hacatons/Vladik/train\197.png
E:/w/Hacatons/Vladik/train\198.png
E:/w/Hacatons/Vladik/train\199.png
E:/w/Hacatons/Vladik/train\2.png
E:/w/Hacatons/Vladik/train\20.png
E:/w/Hacatons/Vladik/train\200.png
E:/w/Hacatons/Vladik/train\201.png
E:/w/Hacatons/Vladik/train\202.png
E:/w/Hacatons/Vladik/train\204.png
E:/w/Hacatons/Vladik/train\205.png
E:/w/Hacatons/Vladik/train\206.png
E:/w/Hacatons/Vladik/train\208.png
E:/w/Hacatons/Vladik/train\209.png
E:/w/Hacatons/Vladik/train\21.png
E:/w/Hacatons/Vladik/train\210.png
E:/w/Hacatons/Vladik/train\211.png
E:/w/Hacatons/Vladik/train\212.png
E:/w/Hacatons/Vladik/train\213.png
E:/w/Hacatons/Vladik/train\215.png
E:/w/Hacatons/Vladik/train\216.png
E:/w/Hacatons/Vladik/train\217.png
E:/w/Hacatons/Vladik/train\218.png
E:/w/Hacatons/Vladik/train\219.png
E:/w/Hacatons/Vladik/train\22.png
E:/w/Hacatons/Vladik/train\220.png
E:/w/Hacatons/Vladik/train\222.png
E:/w/Hacatons/Vladik/train\223.png
E:/w/Hacatons/Vladik/train\225.png
E:/w/Hacatons/Vladik/train\226.png
E:/w/Hacatons/Vladik/train\227.png
E:/w/Hacatons/Vladik/train\228.png
E:/w/Hacatons/Vladik/train\229.png
E:/w/Hacatons/Vladik/train\23.png
E:/w/Hacatons/Vladik/train\230.png
E:/w/Hacatons/Vladik/train\232.png
E:/w/Hacatons/Vladik/train\233.png
E:/w/Hacatons/Vladik/train\235.png
E:/w/Hacatons/Vladik/train\238.png
E:/w/Hacatons/Vladik/train\24.png
E:/w/Hacatons/Vladik/train\240.png
E:/w/Hacatons/Vladik/train\241.png
E:/w/Hacatons/Vladik/train\242.png
E:/w/Hacatons/Vladik/train\243.png
E:/w/Hacatons/Vladik/train\244.png
E:/w/Hacatons/Vladik/train\246.png
E:/w/Hacatons/Vladik/train\248.png
E:/w/Hacatons/Vladik/train\25.png
E:/w/Hacatons/Vladik/train\250.png
E:/w/Hacatons/Vladik/train\251.png
E:/w/Hacatons/Vladik/train\252.png
E:/w/Hacatons/Vladik/train\253.png
E:/w/Hacatons/Vladik/train\256.png
E:/w/Hacatons/Vladik/train\259.png
E:/w/Hacatons/Vladik/train\26.png
E:/w/Hacatons/Vladik/train\260.png
E:/w/Hacatons/Vladik/train\262.png
E:/w/Hacatons/Vladik/train\263.png
E:/w/Hacatons/Vladik/train\264.png
E:/w/Hacatons/Vladik/train\265.png
E:/w/Hacatons/Vladik/train\266.png
E:/w/Hacatons/Vladik/train\267.png
E:/w/Hacatons/Vladik/train\268.png
E:/w/Hacatons/Vladik/train\269.png
E:/w/Hacatons/Vladik/train\27.png
E:/w/Hacatons/Vladik/train\270.png
E:/w/Hacatons/Vladik/train\272.png
E:/w/Hacatons/Vladik/train\274.png
E:/w/Hacatons/Vladik/train\275.png
E:/w/Hacatons/Vladik/train\277.png
E:/w/Hacatons/Vladik/train\278.png
E:/w/Hacatons/Vladik/train\279.png
E:/w/Hacatons/Vladik/train\280.png
E:/w/Hacatons/Vladik/train\281.png
E:/w/Hacatons/Vladik/train\282.png
E:/w/Hacatons/Vladik/train\284.png
E:/w/Hacatons/Vladik/train\286.png
E:/w/Hacatons/Vladik/train\287.png
E:/w/Hacatons/Vladik/train\288.png
E:/w/Hacatons/Vladik/train\289.png
E:/w/Hacatons/Vladik/train\29.png
E:/w/Hacatons/Vladik/train\290.png
E:/w/Hacatons/Vladik/train\291.png
E:/w/Hacatons/Vladik/train\292.png
E:/w/Hacatons/Vladik/train\293.png
E:/w/Hacatons/Vladik/train\294.png
E:/w/Hacatons/Vladik/train\295.png
E:/w/Hacatons/Vladik/train\296.png
E:/w/Hacatons/Vladik/train\297.png
E:/w/Hacatons/Vladik/train\298.png
E:/w/Hacatons/Vladik/train\3.png
E:/w/Hacatons/Vladik/train\300.png
E:/w/Hacatons/Vladik/train\301.png
E:/w/Hacatons/Vladik/train\302.png
E:/w/Hacatons/Vladik/train\303.png
E:/w/Hacatons/Vladik/train\305.png
E:/w/Hacatons/Vladik/train\306.png
E:/w/Hacatons/Vladik/train\307.png
E:/w/Hacatons/Vladik/train\308.png
E:/w/Hacatons/Vladik/train\309.png
E:/w/Hacatons/Vladik/train\31.png
E:/w/Hacatons/Vladik/train\310.png
E:/w/Hacatons/Vladik/train\311.png
E:/w/Hacatons/Vladik/train\312.png
E:/w/Hacatons/Vladik/train\313.png
E:/w/Hacatons/Vladik/train\314.png
E:/w/Hacatons/Vladik/train\315.png
E:/w/Hacatons/Vladik/train\316.png
E:/w/Hacatons/Vladik/train\317.png
E:/w/Hacatons/Vladik/train\318.png
E:/w/Hacatons/Vladik/train\319.png
E:/w/Hacatons/Vladik/train\320.png
E:/w/Hacatons/Vladik/train\321.png
E:/w/Hacatons/Vladik/train\322.png
E:/w/Hacatons/Vladik/train\323.png
E:/w/Hacatons/Vladik/train\324.png
E:/w/Hacatons/Vladik/train\325.png
E:/w/Hacatons/Vladik/train\326.png
E:/w/Hacatons/Vladik/train\327.png
E:/w/Hacatons/Vladik/train\328.png
E:/w/Hacatons/Vladik/train\329.png
E:/w/Hacatons/Vladik/train\330.png
E:/w/Hacatons/Vladik/train\331.png
E:/w/Hacatons/Vladik/train\332.png
E:/w/Hacatons/Vladik/train\333.png
E:/w/Hacatons/Vladik/train\334.png
E:/w/Hacatons/Vladik/train\335.png
E:/w/Hacatons/Vladik/train\336.png
E:/w/Hacatons/Vladik/train\337.png
E:/w/Hacatons/Vladik/train\338.png
E:/w/Hacatons/Vladik/train\339.png
E:/w/Hacatons/Vladik/train\34.png
E:/w/Hacatons/Vladik/train\340.png
E:/w/Hacatons/Vladik/train\341.png
E:/w/Hacatons/Vladik/train\342.png
E:/w/Hacatons/Vladik/train\343.png
E:/w/Hacatons/Vladik/train\344.png
E:/w/Hacatons/Vladik/train\345.png
E:/w/Hacatons/Vladik/train\346.png
E:/w/Hacatons/Vladik/train\347.png
E:/w/Hacatons/Vladik/train\348.png
E:/w/Hacatons/Vladik/train\349.png
E:/w/Hacatons/Vladik/train\350.png
E:/w/Hacatons/Vladik/train\351.png
E:/w/Hacatons/Vladik/train\352.png
E:/w/Hacatons/Vladik/train\353.png
E:/w/Hacatons/Vladik/train\354.png
E:/w/Hacatons/Vladik/train\355.png
E:/w/Hacatons/Vladik/train\356.png
E:/w/Hacatons/Vladik/train\357.png
E:/w/Hacatons/Vladik/train\359.png
E:/w/Hacatons/Vladik/train\36.png
E:/w/Hacatons/Vladik/train\360.png
E:/w/Hacatons/Vladik/train\361.png
E:/w/Hacatons/Vladik/train\362.png
E:/w/Hacatons/Vladik/train\363.png
E:/w/Hacatons/Vladik/train\364.png
E:/w/Hacatons/Vladik/train\365.png
E:/w/Hacatons/Vladik/train\366.png
E:/w/Hacatons/Vladik/train\368.png
E:/w/Hacatons/Vladik/train\369.png
E:/w/Hacatons/Vladik/train\37.png
E:/w/Hacatons/Vladik/train\370.png
E:/w/Hacatons/Vladik/train\371.png
E:/w/Hacatons/Vladik/train\373.png
E:/w/Hacatons/Vladik/train\374.png
E:/w/Hacatons/Vladik/train\375.png
E:/w/Hacatons/Vladik/train\376.png
E:/w/Hacatons/Vladik/train\377.png
E:/w/Hacatons/Vladik/train\379.png
E:/w/Hacatons/Vladik/train\38.png
E:/w/Hacatons/Vladik/train\380.png
E:/w/Hacatons/Vladik/train\381.png
E:/w/Hacatons/Vladik/train\383.png
E:/w/Hacatons/Vladik/train\385.png
E:/w/Hacatons/Vladik/train\39.png
E:/w/Hacatons/Vladik/train\390.png
E:/w/Hacatons/Vladik/train\391.png
E:/w/Hacatons/Vladik/train\392.png
E:/w/Hacatons/Vladik/train\394.png
E:/w/Hacatons/Vladik/train\397.png
E:/w/Hacatons/Vladik/train\398.png
E:/w/Hacatons/Vladik/train\399.png
E:/w/Hacatons/Vladik/train\4.png
E:/w/Hacatons/Vladik/train\40.png
E:/w/Hacatons/Vladik/train\400.png
E:/w/Hacatons/Vladik/train\401.png
E:/w/Hacatons/Vladik/train\404.png
E:/w/Hacatons/Vladik/train\405.png
E:/w/Hacatons/Vladik/train\406.png
E:/w/Hacatons/Vladik/train\407.png
E:/w/Hacatons/Vladik/train\408.png
E:/w/Hacatons/Vladik/train\409.png
E:/w/Hacatons/Vladik/train\41.png
E:/w/Hacatons/Vladik/train\410.png
E:/w/Hacatons/Vladik/train\411.png
E:/w/Hacatons/Vladik/train\412.png
E:/w/Hacatons/Vladik/train\413.png
E:/w/Hacatons/Vladik/train\414.png
E:/w/Hacatons/Vladik/train\416.png
E:/w/Hacatons/Vladik/train\417.png
E:/w/Hacatons/Vladik/train\418.png
E:/w/Hacatons/Vladik/train\419.png
E:/w/Hacatons/Vladik/train\42.png
E:/w/Hacatons/Vladik/train\420.png
E:/w/Hacatons/Vladik/train\423.png
E:/w/Hacatons/Vladik/train\424.png
E:/w/Hacatons/Vladik/train\425.png
E:/w/Hacatons/Vladik/train\426.png
E:/w/Hacatons/Vladik/train\429.png
E:/w/Hacatons/Vladik/train\43.png
E:/w/Hacatons/Vladik/train\430.png
E:/w/Hacatons/Vladik/train\431.png
E:/w/Hacatons/Vladik/train\432.png
E:/w/Hacatons/Vladik/train\433.png
E:/w/Hacatons/Vladik/train\434.png
E:/w/Hacatons/Vladik/train\435.png
E:/w/Hacatons/Vladik/train\436.png
E:/w/Hacatons/Vladik/train\437.png
E:/w/Hacatons/Vladik/train\438.png
E:/w/Hacatons/Vladik/train\439.png
E:/w/Hacatons/Vladik/train\44.png
E:/w/Hacatons/Vladik/train\440.png
E:/w/Hacatons/Vladik/train\441.png
E:/w/Hacatons/Vladik/train\442.png
E:/w/Hacatons/Vladik/train\443.png
E:/w/Hacatons/Vladik/train\444.png
E:/w/Hacatons/Vladik/train\445.png
E:/w/Hacatons/Vladik/train\446.png
E:/w/Hacatons/Vladik/train\447.png
E:/w/Hacatons/Vladik/train\448.png
E:/w/Hacatons/Vladik/train\449.png
E:/w/Hacatons/Vladik/train\45.png
E:/w/Hacatons/Vladik/train\450.png
E:/w/Hacatons/Vladik/train\451.png
E:/w/Hacatons/Vladik/train\452.png
E:/w/Hacatons/Vladik/train\453.png
E:/w/Hacatons/Vladik/train\454.png
E:/w/Hacatons/Vladik/train\455.png
E:/w/Hacatons/Vladik/train\456.png
E:/w/Hacatons/Vladik/train\457.png
E:/w/Hacatons/Vladik/train\458.png
E:/w/Hacatons/Vladik/train\459.png
E:/w/Hacatons/Vladik/train\46.png
E:/w/Hacatons/Vladik/train\460.png
E:/w/Hacatons/Vladik/train\461.png
E:/w/Hacatons/Vladik/train\462.png
E:/w/Hacatons/Vladik/train\463.png
E:/w/Hacatons/Vladik/train\464.png
E:/w/Hacatons/Vladik/train\465.png
E:/w/Hacatons/Vladik/train\466.png
E:/w/Hacatons/Vladik/train\467.png
E:/w/Hacatons/Vladik/train\468.png
E:/w/Hacatons/Vladik/train\47.png
E:/w/Hacatons/Vladik/train\472.png
E:/w/Hacatons/Vladik/train\473.png
E:/w/Hacatons/Vladik/train\474.png
E:/w/Hacatons/Vladik/train\475.png
E:/w/Hacatons/Vladik/train\476.png
E:/w/Hacatons/Vladik/train\477.png
E:/w/Hacatons/Vladik/train\478.png
E:/w/Hacatons/Vladik/train\479.png
E:/w/Hacatons/Vladik/train\48.png
E:/w/Hacatons/Vladik/train\480.png
E:/w/Hacatons/Vladik/train\482.png
E:/w/Hacatons/Vladik/train\483.png
E:/w/Hacatons/Vladik/train\484.png
E:/w/Hacatons/Vladik/train\485.png
E:/w/Hacatons/Vladik/train\486.png
E:/w/Hacatons/Vladik/train\488.png
E:/w/Hacatons/Vladik/train\489.png
E:/w/Hacatons/Vladik/train\49.png
E:/w/Hacatons/Vladik/train\490.png
E:/w/Hacatons/Vladik/train\492.png
E:/w/Hacatons/Vladik/train\493.png
E:/w/Hacatons/Vladik/train\494.png
E:/w/Hacatons/Vladik/train\495.png
E:/w/Hacatons/Vladik/train\496.png
E:/w/Hacatons/Vladik/train\497.png
E:/w/Hacatons/Vladik/train\498.png
E:/w/Hacatons/Vladik/train\499.png
E:/w/Hacatons/Vladik/train\5.png
E:/w/Hacatons/Vladik/train\50.png
E:/w/Hacatons/Vladik/train\500.png
E:/w/Hacatons/Vladik/train\501.png
E:/w/Hacatons/Vladik/train\502.png
E:/w/Hacatons/Vladik/train\503.png
E:/w/Hacatons/Vladik/train\504.png
E:/w/Hacatons/Vladik/train\506.png
E:/w/Hacatons/Vladik/train\507.png
E:/w/Hacatons/Vladik/train\508.png
E:/w/Hacatons/Vladik/train\509.png
E:/w/Hacatons/Vladik/train\51.png
E:/w/Hacatons/Vladik/train\510.png
E:/w/Hacatons/Vladik/train\512.png
E:/w/Hacatons/Vladik/train\513.png
E:/w/Hacatons/Vladik/train\514.png
E:/w/Hacatons/Vladik/train\515.png
E:/w/Hacatons/Vladik/train\516.png
E:/w/Hacatons/Vladik/train\517.png
E:/w/Hacatons/Vladik/train\518.png
E:/w/Hacatons/Vladik/train\519.png
E:/w/Hacatons/Vladik/train\52.png
E:/w/Hacatons/Vladik/train\520.png
E:/w/Hacatons/Vladik/train\521.png
E:/w/Hacatons/Vladik/train\522.png
E:/w/Hacatons/Vladik/train\523 .png
E:/w/Hacatons/Vladik/train\524.png
E:/w/Hacatons/Vladik/train\525.png
E:/w/Hacatons/Vladik/train\526.png
E:/w/Hacatons/Vladik/train\528.png
E:/w/Hacatons/Vladik/train\529.png
E:/w/Hacatons/Vladik/train\53.png
E:/w/Hacatons/Vladik/train\530.png
E:/w/Hacatons/Vladik/train\531.png
E:/w/Hacatons/Vladik/train\532.png
E:/w/Hacatons/Vladik/train\533.png
E:/w/Hacatons/Vladik/train\534.png
E:/w/Hacatons/Vladik/train\536.png
E:/w/Hacatons/Vladik/train\537.png
E:/w/Hacatons/Vladik/train\538.png
E:/w/Hacatons/Vladik/train\539.png
E:/w/Hacatons/Vladik/train\54.png
E:/w/Hacatons/Vladik/train\540.png
E:/w/Hacatons/Vladik/train\541.png
E:/w/Hacatons/Vladik/train\542.png
E:/w/Hacatons/Vladik/train\543.png
E:/w/Hacatons/Vladik/train\544.png
E:/w/Hacatons/Vladik/train\546.png
E:/w/Hacatons/Vladik/train\547.png
E:/w/Hacatons/Vladik/train\548.png
E:/w/Hacatons/Vladik/train\549.png
E:/w/Hacatons/Vladik/train\55.png
E:/w/Hacatons/Vladik/train\550.png
E:/w/Hacatons/Vladik/train\554.png
E:/w/Hacatons/Vladik/train\555.png
E:/w/Hacatons/Vladik/train\556.png
E:/w/Hacatons/Vladik/train\557.png
E:/w/Hacatons/Vladik/train\558.png
E:/w/Hacatons/Vladik/train\559.png
E:/w/Hacatons/Vladik/train\56.png
E:/w/Hacatons/Vladik/train\560.png
E:/w/Hacatons/Vladik/train\561.png
E:/w/Hacatons/Vladik/train\562.png
E:/w/Hacatons/Vladik/train\563.png
E:/w/Hacatons/Vladik/train\564.png
E:/w/Hacatons/Vladik/train\566.png
E:/w/Hacatons/Vladik/train\567.png
E:/w/Hacatons/Vladik/train\568.png
E:/w/Hacatons/Vladik/train\569.png
E:/w/Hacatons/Vladik/train\57.png
E:/w/Hacatons/Vladik/train\570.png
E:/w/Hacatons/Vladik/train\571.png
E:/w/Hacatons/Vladik/train\572.png
E:/w/Hacatons/Vladik/train\573.png
E:/w/Hacatons/Vladik/train\575.png
E:/w/Hacatons/Vladik/train\576.png
E:/w/Hacatons/Vladik/train\577.png
E:/w/Hacatons/Vladik/train\578.png
E:/w/Hacatons/Vladik/train\579.png
E:/w/Hacatons/Vladik/train\58.png
E:/w/Hacatons/Vladik/train\580.png
E:/w/Hacatons/Vladik/train\581.png
E:/w/Hacatons/Vladik/train\582.png
E:/w/Hacatons/Vladik/train\583.png
E:/w/Hacatons/Vladik/train\584.png
E:/w/Hacatons/Vladik/train\586.png
E:/w/Hacatons/Vladik/train\587.png
E:/w/Hacatons/Vladik/train\588.png
E:/w/Hacatons/Vladik/train\589.png
E:/w/Hacatons/Vladik/train\59.png
E:/w/Hacatons/Vladik/train\590.png
E:/w/Hacatons/Vladik/train\591.png
E:/w/Hacatons/Vladik/train\593.png
E:/w/Hacatons/Vladik/train\594.png
E:/w/Hacatons/Vladik/train\595.png
E:/w/Hacatons/Vladik/train\596.png
E:/w/Hacatons/Vladik/train\597.png
E:/w/Hacatons/Vladik/train\598.png
E:/w/Hacatons/Vladik/train\599.png
E:/w/Hacatons/Vladik/train\6.png
E:/w/Hacatons/Vladik/train\60.png
E:/w/Hacatons/Vladik/train\601.png
E:/w/Hacatons/Vladik/train\602.png
E:/w/Hacatons/Vladik/train\603.png
E:/w/Hacatons/Vladik/train\604.png
E:/w/Hacatons/Vladik/train\605.png
E:/w/Hacatons/Vladik/train\606.png
E:/w/Hacatons/Vladik/train\607.png
E:/w/Hacatons/Vladik/train\609.png
E:/w/Hacatons/Vladik/train\61.png
E:/w/Hacatons/Vladik/train\610.png
E:/w/Hacatons/Vladik/train\612.png
E:/w/Hacatons/Vladik/train\613.png
E:/w/Hacatons/Vladik/train\614.png
E:/w/Hacatons/Vladik/train\615.png
E:/w/Hacatons/Vladik/train\619.png
E:/w/Hacatons/Vladik/train\62.png
E:/w/Hacatons/Vladik/train\621.png
E:/w/Hacatons/Vladik/train\622.png
E:/w/Hacatons/Vladik/train\623.png
E:/w/Hacatons/Vladik/train\624.png
E:/w/Hacatons/Vladik/train\625.png
E:/w/Hacatons/Vladik/train\626.png
E:/w/Hacatons/Vladik/train\628.png
E:/w/Hacatons/Vladik/train\629.png
E:/w/Hacatons/Vladik/train\63.png
E:/w/Hacatons/Vladik/train\631.png
E:/w/Hacatons/Vladik/train\632.png
E:/w/Hacatons/Vladik/train\633.png
E:/w/Hacatons/Vladik/train\634.png
E:/w/Hacatons/Vladik/train\635.png
E:/w/Hacatons/Vladik/train\636.png
E:/w/Hacatons/Vladik/train\637.png
E:/w/Hacatons/Vladik/train\638.png
E:/w/Hacatons/Vladik/train\639.png
E:/w/Hacatons/Vladik/train\64.png
E:/w/Hacatons/Vladik/train\640.png
E:/w/Hacatons/Vladik/train\641.png
E:/w/Hacatons/Vladik/train\642.png
E:/w/Hacatons/Vladik/train\643.png
E:/w/Hacatons/Vladik/train\644.png
E:/w/Hacatons/Vladik/train\645.png
E:/w/Hacatons/Vladik/train\646.png
E:/w/Hacatons/Vladik/train\648.png
E:/w/Hacatons/Vladik/train\649.png
E:/w/Hacatons/Vladik/train\65.png
E:/w/Hacatons/Vladik/train\652.png
E:/w/Hacatons/Vladik/train\653.png
E:/w/Hacatons/Vladik/train\655.png
E:/w/Hacatons/Vladik/train\656.png
E:/w/Hacatons/Vladik/train\657.png
E:/w/Hacatons/Vladik/train\659.png
E:/w/Hacatons/Vladik/train\66.png
E:/w/Hacatons/Vladik/train\660.png
E:/w/Hacatons/Vladik/train\661.png
E:/w/Hacatons/Vladik/train\662.png
E:/w/Hacatons/Vladik/train\664.png
E:/w/Hacatons/Vladik/train\666.png
E:/w/Hacatons/Vladik/train\667.png
E:/w/Hacatons/Vladik/train\669.png
E:/w/Hacatons/Vladik/train\67.png
E:/w/Hacatons/Vladik/train\670.png
E:/w/Hacatons/Vladik/train\671.png
E:/w/Hacatons/Vladik/train\673.png
E:/w/Hacatons/Vladik/train\675.png
E:/w/Hacatons/Vladik/train\676.png
E:/w/Hacatons/Vladik/train\677.png
E:/w/Hacatons/Vladik/train\679.png
E:/w/Hacatons/Vladik/train\68.png
E:/w/Hacatons/Vladik/train\680.png
E:/w/Hacatons/Vladik/train\681.png
E:/w/Hacatons/Vladik/train\682.png
E:/w/Hacatons/Vladik/train\683.png
E:/w/Hacatons/Vladik/train\684.png
E:/w/Hacatons/Vladik/train\685.png
E:/w/Hacatons/Vladik/train\686.png
E:/w/Hacatons/Vladik/train\687.png
E:/w/Hacatons/Vladik/train\689.png
E:/w/Hacatons/Vladik/train\691.png
E:/w/Hacatons/Vladik/train\692.png
E:/w/Hacatons/Vladik/train\694.png
E:/w/Hacatons/Vladik/train\695.png
E:/w/Hacatons/Vladik/train\698.png
E:/w/Hacatons/Vladik/train\7.png
E:/w/Hacatons/Vladik/train\70.png
E:/w/Hacatons/Vladik/train\700.png
E:/w/Hacatons/Vladik/train\701.png
E:/w/Hacatons/Vladik/train\702.png
E:/w/Hacatons/Vladik/train\703.png
E:/w/Hacatons/Vladik/train\704.png
E:/w/Hacatons/Vladik/train\705.png
E:/w/Hacatons/Vladik/train\707.png
E:/w/Hacatons/Vladik/train\708.png
E:/w/Hacatons/Vladik/train\709.png
E:/w/Hacatons/Vladik/train\71.png
E:/w/Hacatons/Vladik/train\710.png
E:/w/Hacatons/Vladik/train\712.png
E:/w/Hacatons/Vladik/train\713.png
E:/w/Hacatons/Vladik/train\714.png
E:/w/Hacatons/Vladik/train\715.png
E:/w/Hacatons/Vladik/train\716.png
E:/w/Hacatons/Vladik/train\717.png
E:/w/Hacatons/Vladik/train\719.png
E:/w/Hacatons/Vladik/train\720.png
E:/w/Hacatons/Vladik/train\721.png
E:/w/Hacatons/Vladik/train\722.png
E:/w/Hacatons/Vladik/train\723.png
E:/w/Hacatons/Vladik/train\724.png
E:/w/Hacatons/Vladik/train\725.png
E:/w/Hacatons/Vladik/train\726.png
E:/w/Hacatons/Vladik/train\727.png
E:/w/Hacatons/Vladik/train\728.png
E:/w/Hacatons/Vladik/train\73.png
E:/w/Hacatons/Vladik/train\731.png
E:/w/Hacatons/Vladik/train\732.png
E:/w/Hacatons/Vladik/train\734.png
E:/w/Hacatons/Vladik/train\735.png
E:/w/Hacatons/Vladik/train\737.png
E:/w/Hacatons/Vladik/train\738.png
E:/w/Hacatons/Vladik/train\739.png
E:/w/Hacatons/Vladik/train\74.png
E:/w/Hacatons/Vladik/train\740.png
E:/w/Hacatons/Vladik/train\741.png
E:/w/Hacatons/Vladik/train\742.png
E:/w/Hacatons/Vladik/train\743.png
E:/w/Hacatons/Vladik/train\744.png
E:/w/Hacatons/Vladik/train\745.png
E:/w/Hacatons/Vladik/train\746.png
E:/w/Hacatons/Vladik/train\747.png
E:/w/Hacatons/Vladik/train\748.png
E:/w/Hacatons/Vladik/train\75.png
E:/w/Hacatons/Vladik/train\750.png
E:/w/Hacatons/Vladik/train\751.png
E:/w/Hacatons/Vladik/train\752.png
E:/w/Hacatons/Vladik/train\753.png
E:/w/Hacatons/Vladik/train\754.png
E:/w/Hacatons/Vladik/train\755.png
E:/w/Hacatons/Vladik/train\756.png
E:/w/Hacatons/Vladik/train\758.png
E:/w/Hacatons/Vladik/train\759.png
E:/w/Hacatons/Vladik/train\76.png
E:/w/Hacatons/Vladik/train\760.png
E:/w/Hacatons/Vladik/train\761.png
E:/w/Hacatons/Vladik/train\762.png
E:/w/Hacatons/Vladik/train\763.png
E:/w/Hacatons/Vladik/train\764.png
E:/w/Hacatons/Vladik/train\765.png
E:/w/Hacatons/Vladik/train\766.png
E:/w/Hacatons/Vladik/train\767.png
E:/w/Hacatons/Vladik/train\768.png
E:/w/Hacatons/Vladik/train\769.png
E:/w/Hacatons/Vladik/train\77.png
E:/w/Hacatons/Vladik/train\770.png
E:/w/Hacatons/Vladik/train\771.png
E:/w/Hacatons/Vladik/train\772.png
E:/w/Hacatons/Vladik/train\773.png
E:/w/Hacatons/Vladik/train\774.png
E:/w/Hacatons/Vladik/train\775.png
E:/w/Hacatons/Vladik/train\776.png
E:/w/Hacatons/Vladik/train\777.png
E:/w/Hacatons/Vladik/train\778.png
E:/w/Hacatons/Vladik/train\779.png
E:/w/Hacatons/Vladik/train\78.png
E:/w/Hacatons/Vladik/train\780.png
E:/w/Hacatons/Vladik/train\782.png
E:/w/Hacatons/Vladik/train\8.png
E:/w/Hacatons/Vladik/train\80.png
E:/w/Hacatons/Vladik/train\81.png
E:/w/Hacatons/Vladik/train\82.png
E:/w/Hacatons/Vladik/train\83.png
E:/w/Hacatons/Vladik/train\84.png
E:/w/Hacatons/Vladik/train\85.png
E:/w/Hacatons/Vladik/train\86.png
E:/w/Hacatons/Vladik/train\88.png
E:/w/Hacatons/Vladik/train\9.png
E:/w/Hacatons/Vladik/train\90.png
E:/w/Hacatons/Vladik/train\91.png
E:/w/Hacatons/Vladik/train\92.png
E:/w/Hacatons/Vladik/train\95.png
E:/w/Hacatons/Vladik/train\96.png
E:/w/Hacatons/Vladik/train\97.png
E:/w/Hacatons/Vladik/train\98.png
E:/w/Hacatons/Vladik/train\99.png
E:/w/Hacatons/Vladik/train\m1.png
E:/w/Hacatons/Vladik/train\m100.png
E:/w/Hacatons/Vladik/train\m101.png
E:/w/Hacatons/Vladik/train\m103.png
E:/w/Hacatons/Vladik/train\m105.png
E:/w/Hacatons/Vladik/train\m106.png
E:/w/Hacatons/Vladik/train\m107.png
E:/w/Hacatons/Vladik/train\m108.png
E:/w/Hacatons/Vladik/train\m109.png
E:/w/Hacatons/Vladik/train\m11.png
E:/w/Hacatons/Vladik/train\m110.png
E:/w/Hacatons/Vladik/train\m111.png
E:/w/Hacatons/Vladik/train\m112.png
E:/w/Hacatons/Vladik/train\m114.png
E:/w/Hacatons/Vladik/train\m115.png
E:/w/Hacatons/Vladik/train\m116.png
E:/w/Hacatons/Vladik/train\m118.png
E:/w/Hacatons/Vladik/train\m120.png
E:/w/Hacatons/Vladik/train\m121.png
E:/w/Hacatons/Vladik/train\m122.png
E:/w/Hacatons/Vladik/train\m123.png
E:/w/Hacatons/Vladik/train\m124.png
E:/w/Hacatons/Vladik/train\m125.png
E:/w/Hacatons/Vladik/train\m126.png
E:/w/Hacatons/Vladik/train\m127.png
E:/w/Hacatons/Vladik/train\m128.png
E:/w/Hacatons/Vladik/train\m129.png
E:/w/Hacatons/Vladik/train\m13.png
E:/w/Hacatons/Vladik/train\m130.png
E:/w/Hacatons/Vladik/train\m132.png
E:/w/Hacatons/Vladik/train\m133.png
E:/w/Hacatons/Vladik/train\m135.png
E:/w/Hacatons/Vladik/train\m136.png
E:/w/Hacatons/Vladik/train\m137.png
E:/w/Hacatons/Vladik/train\m138.png
E:/w/Hacatons/Vladik/train\m14.png
E:/w/Hacatons/Vladik/train\m140.png
E:/w/Hacatons/Vladik/train\m141.png
E:/w/Hacatons/Vladik/train\m142.png
E:/w/Hacatons/Vladik/train\m143.png
E:/w/Hacatons/Vladik/train\m144.png
E:/w/Hacatons/Vladik/train\m145.png
E:/w/Hacatons/Vladik/train\m146.png
E:/w/Hacatons/Vladik/train\m148.png
E:/w/Hacatons/Vladik/train\m15.png
E:/w/Hacatons/Vladik/train\m150.png
E:/w/Hacatons/Vladik/train\m151.png
E:/w/Hacatons/Vladik/train\m152.png
E:/w/Hacatons/Vladik/train\m155.png
E:/w/Hacatons/Vladik/train\m156.png
E:/w/Hacatons/Vladik/train\m157.png
E:/w/Hacatons/Vladik/train\m158.png
E:/w/Hacatons/Vladik/train\m159.png
E:/w/Hacatons/Vladik/train\m16.png
E:/w/Hacatons/Vladik/train\m160.png
E:/w/Hacatons/Vladik/train\m161.png
E:/w/Hacatons/Vladik/train\m162.png
E:/w/Hacatons/Vladik/train\m163.png
E:/w/Hacatons/Vladik/train\m164.png
E:/w/Hacatons/Vladik/train\m165.png
E:/w/Hacatons/Vladik/train\m166.png
E:/w/Hacatons/Vladik/train\m167.png
E:/w/Hacatons/Vladik/train\m168.png
E:/w/Hacatons/Vladik/train\m169.png
E:/w/Hacatons/Vladik/train\m17.png
E:/w/Hacatons/Vladik/train\m170.png
E:/w/Hacatons/Vladik/train\m171.png
E:/w/Hacatons/Vladik/train\m172.png
E:/w/Hacatons/Vladik/train\m173.png
E:/w/Hacatons/Vladik/train\m175.png
E:/w/Hacatons/Vladik/train\m177.png
E:/w/Hacatons/Vladik/train\m178.png
E:/w/Hacatons/Vladik/train\m179.png
E:/w/Hacatons/Vladik/train\m180.png
E:/w/Hacatons/Vladik/train\m181.png
E:/w/Hacatons/Vladik/train\m182.png
E:/w/Hacatons/Vladik/train\m183.png
E:/w/Hacatons/Vladik/train\m185.png
E:/w/Hacatons/Vladik/train\m186.png
E:/w/Hacatons/Vladik/train\m187.png
E:/w/Hacatons/Vladik/train\m188.png
E:/w/Hacatons/Vladik/train\m189.png
E:/w/Hacatons/Vladik/train\m19.png
E:/w/Hacatons/Vladik/train\m190.png
E:/w/Hacatons/Vladik/train\m191.png
E:/w/Hacatons/Vladik/train\m192.png
E:/w/Hacatons/Vladik/train\m193.png
E:/w/Hacatons/Vladik/train\m194.png
E:/w/Hacatons/Vladik/train\m196.png
E:/w/Hacatons/Vladik/train\m197.png
E:/w/Hacatons/Vladik/train\m198.png
E:/w/Hacatons/Vladik/train\m199.png
E:/w/Hacatons/Vladik/train\m2.png
E:/w/Hacatons/Vladik/train\m20.png
E:/w/Hacatons/Vladik/train\m200.png
E:/w/Hacatons/Vladik/train\m201.png
E:/w/Hacatons/Vladik/train\m202.png
E:/w/Hacatons/Vladik/train\m204.png
E:/w/Hacatons/Vladik/train\m205.png
E:/w/Hacatons/Vladik/train\m206.png
E:/w/Hacatons/Vladik/train\m208.png
E:/w/Hacatons/Vladik/train\m209.png
E:/w/Hacatons/Vladik/train\m21.png
E:/w/Hacatons/Vladik/train\m210.png
E:/w/Hacatons/Vladik/train\m211.png
E:/w/Hacatons/Vladik/train\m212.png
E:/w/Hacatons/Vladik/train\m213.png
E:/w/Hacatons/Vladik/train\m215.png
E:/w/Hacatons/Vladik/train\m216.png
E:/w/Hacatons/Vladik/train\m217.png
E:/w/Hacatons/Vladik/train\m218.png
E:/w/Hacatons/Vladik/train\m219.png
E:/w/Hacatons/Vladik/train\m22.png
E:/w/Hacatons/Vladik/train\m220.png
E:/w/Hacatons/Vladik/train\m222.png
E:/w/Hacatons/Vladik/train\m223.png
E:/w/Hacatons/Vladik/train\m225.png
E:/w/Hacatons/Vladik/train\m226.png
E:/w/Hacatons/Vladik/train\m227.png
E:/w/Hacatons/Vladik/train\m228.png
E:/w/Hacatons/Vladik/train\m229.png
E:/w/Hacatons/Vladik/train\m23.png
E:/w/Hacatons/Vladik/train\m230.png
E:/w/Hacatons/Vladik/train\m232.png
E:/w/Hacatons/Vladik/train\m233.png
E:/w/Hacatons/Vladik/train\m235.png
E:/w/Hacatons/Vladik/train\m238.png
E:/w/Hacatons/Vladik/train\m24.png
E:/w/Hacatons/Vladik/train\m240.png
E:/w/Hacatons/Vladik/train\m241.png
E:/w/Hacatons/Vladik/train\m242.png
E:/w/Hacatons/Vladik/train\m243.png
E:/w/Hacatons/Vladik/train\m244.png
E:/w/Hacatons/Vladik/train\m246.png
E:/w/Hacatons/Vladik/train\m248.png
E:/w/Hacatons/Vladik/train\m25.png
E:/w/Hacatons/Vladik/train\m250.png
E:/w/Hacatons/Vladik/train\m251.png
E:/w/Hacatons/Vladik/train\m252.png
E:/w/Hacatons/Vladik/train\m253.png
E:/w/Hacatons/Vladik/train\m256.png
E:/w/Hacatons/Vladik/train\m259.png
E:/w/Hacatons/Vladik/train\m26.png
E:/w/Hacatons/Vladik/train\m260.png
E:/w/Hacatons/Vladik/train\m262.png
E:/w/Hacatons/Vladik/train\m263.png
E:/w/Hacatons/Vladik/train\m264.png
E:/w/Hacatons/Vladik/train\m265.png
E:/w/Hacatons/Vladik/train\m266.png
E:/w/Hacatons/Vladik/train\m267.png
E:/w/Hacatons/Vladik/train\m268.png
E:/w/Hacatons/Vladik/train\m269.png
E:/w/Hacatons/Vladik/train\m27.png
E:/w/Hacatons/Vladik/train\m270.png
E:/w/Hacatons/Vladik/train\m272.png
E:/w/Hacatons/Vladik/train\m274.png
E:/w/Hacatons/Vladik/train\m275.png
E:/w/Hacatons/Vladik/train\m277.png
E:/w/Hacatons/Vladik/train\m278.png
E:/w/Hacatons/Vladik/train\m279.png
E:/w/Hacatons/Vladik/train\m280.png
E:/w/Hacatons/Vladik/train\m281.png
E:/w/Hacatons/Vladik/train\m282.png
E:/w/Hacatons/Vladik/train\m284.png
E:/w/Hacatons/Vladik/train\m286.png
E:/w/Hacatons/Vladik/train\m287.png
E:/w/Hacatons/Vladik/train\m288.png
E:/w/Hacatons/Vladik/train\m289.png
E:/w/Hacatons/Vladik/train\m29.png
E:/w/Hacatons/Vladik/train\m290.png
E:/w/Hacatons/Vladik/train\m291.png
E:/w/Hacatons/Vladik/train\m292.png
E:/w/Hacatons/Vladik/train\m293.png
E:/w/Hacatons/Vladik/train\m294.png
E:/w/Hacatons/Vladik/train\m295.png
E:/w/Hacatons/Vladik/train\m296.png
E:/w/Hacatons/Vladik/train\m297.png
E:/w/Hacatons/Vladik/train\m298.png
E:/w/Hacatons/Vladik/train\m3.png
E:/w/Hacatons/Vladik/train\m300.png
E:/w/Hacatons/Vladik/train\m301.png
E:/w/Hacatons/Vladik/train\m302.png
E:/w/Hacatons/Vladik/train\m303.png
E:/w/Hacatons/Vladik/train\m305.png
E:/w/Hacatons/Vladik/train\m306.png
E:/w/Hacatons/Vladik/train\m307.png
E:/w/Hacatons/Vladik/train\m308.png
E:/w/Hacatons/Vladik/train\m309.png
E:/w/Hacatons/Vladik/train\m31.png
E:/w/Hacatons/Vladik/train\m310.png
E:/w/Hacatons/Vladik/train\m311.png
E:/w/Hacatons/Vladik/train\m312.png
E:/w/Hacatons/Vladik/train\m313.png
E:/w/Hacatons/Vladik/train\m314.png
E:/w/Hacatons/Vladik/train\m315.png
E:/w/Hacatons/Vladik/train\m316.png
E:/w/Hacatons/Vladik/train\m317.png
E:/w/Hacatons/Vladik/train\m318.png
E:/w/Hacatons/Vladik/train\m319.png
E:/w/Hacatons/Vladik/train\m320.png
E:/w/Hacatons/Vladik/train\m321.png
E:/w/Hacatons/Vladik/train\m322.png
E:/w/Hacatons/Vladik/train\m323.png
E:/w/Hacatons/Vladik/train\m324.png
E:/w/Hacatons/Vladik/train\m325.png
E:/w/Hacatons/Vladik/train\m326.png
E:/w/Hacatons/Vladik/train\m327.png
E:/w/Hacatons/Vladik/train\m328.png
E:/w/Hacatons/Vladik/train\m329.png
E:/w/Hacatons/Vladik/train\m330.png
E:/w/Hacatons/Vladik/train\m331.png
E:/w/Hacatons/Vladik/train\m332.png
E:/w/Hacatons/Vladik/train\m333.png
E:/w/Hacatons/Vladik/train\m334.png
E:/w/Hacatons/Vladik/train\m335.png
E:/w/Hacatons/Vladik/train\m336.png
E:/w/Hacatons/Vladik/train\m337.png
E:/w/Hacatons/Vladik/train\m338.png
E:/w/Hacatons/Vladik/train\m339.png
E:/w/Hacatons/Vladik/train\m34.png
E:/w/Hacatons/Vladik/train\m340.png
E:/w/Hacatons/Vladik/train\m341.png
E:/w/Hacatons/Vladik/train\m342.png
E:/w/Hacatons/Vladik/train\m343.png
E:/w/Hacatons/Vladik/train\m344.png
E:/w/Hacatons/Vladik/train\m345.png
E:/w/Hacatons/Vladik/train\m346.png
E:/w/Hacatons/Vladik/train\m347.png
E:/w/Hacatons/Vladik/train\m348.png
E:/w/Hacatons/Vladik/train\m349.png
E:/w/Hacatons/Vladik/train\m350.png
E:/w/Hacatons/Vladik/train\m351.png
E:/w/Hacatons/Vladik/train\m352.png
E:/w/Hacatons/Vladik/train\m353.png
E:/w/Hacatons/Vladik/train\m354.png
E:/w/Hacatons/Vladik/train\m355.png
E:/w/Hacatons/Vladik/train\m356.png
E:/w/Hacatons/Vladik/train\m357.png
E:/w/Hacatons/Vladik/train\m359.png
E:/w/Hacatons/Vladik/train\m36.png
E:/w/Hacatons/Vladik/train\m360.png
E:/w/Hacatons/Vladik/train\m361.png
E:/w/Hacatons/Vladik/train\m362.png
E:/w/Hacatons/Vladik/train\m363.png
E:/w/Hacatons/Vladik/train\m364.png
E:/w/Hacatons/Vladik/train\m365.png
E:/w/Hacatons/Vladik/train\m366.png
E:/w/Hacatons/Vladik/train\m368.png
E:/w/Hacatons/Vladik/train\m369.png
E:/w/Hacatons/Vladik/train\m37.png
E:/w/Hacatons/Vladik/train\m370.png
E:/w/Hacatons/Vladik/train\m371.png
E:/w/Hacatons/Vladik/train\m373.png
E:/w/Hacatons/Vladik/train\m374.png
E:/w/Hacatons/Vladik/train\m375.png
E:/w/Hacatons/Vladik/train\m376.png
E:/w/Hacatons/Vladik/train\m377.png
E:/w/Hacatons/Vladik/train\m379.png
E:/w/Hacatons/Vladik/train\m38.png
E:/w/Hacatons/Vladik/train\m380.png
E:/w/Hacatons/Vladik/train\m381.png
E:/w/Hacatons/Vladik/train\m383.png
E:/w/Hacatons/Vladik/train\m385.png
E:/w/Hacatons/Vladik/train\m39.png
E:/w/Hacatons/Vladik/train\m390.png
E:/w/Hacatons/Vladik/train\m391.png
E:/w/Hacatons/Vladik/train\m392.png
E:/w/Hacatons/Vladik/train\m394.png
E:/w/Hacatons/Vladik/train\m397.png
E:/w/Hacatons/Vladik/train\m398.png
E:/w/Hacatons/Vladik/train\m399.png
E:/w/Hacatons/Vladik/train\m4.png
E:/w/Hacatons/Vladik/train\m40.png
E:/w/Hacatons/Vladik/train\m400.png
E:/w/Hacatons/Vladik/train\m401.png
E:/w/Hacatons/Vladik/train\m404.png
E:/w/Hacatons/Vladik/train\m405.png
E:/w/Hacatons/Vladik/train\m406.png
E:/w/Hacatons/Vladik/train\m407.png
E:/w/Hacatons/Vladik/train\m408.png
E:/w/Hacatons/Vladik/train\m409.png
E:/w/Hacatons/Vladik/train\m41.png
E:/w/Hacatons/Vladik/train\m410.png
E:/w/Hacatons/Vladik/train\m411.png
E:/w/Hacatons/Vladik/train\m412.png
E:/w/Hacatons/Vladik/train\m413.png
E:/w/Hacatons/Vladik/train\m414.png
E:/w/Hacatons/Vladik/train\m416.png
E:/w/Hacatons/Vladik/train\m417.png
E:/w/Hacatons/Vladik/train\m418.png
E:/w/Hacatons/Vladik/train\m419.png
E:/w/Hacatons/Vladik/train\m42.png
E:/w/Hacatons/Vladik/train\m420.png
E:/w/Hacatons/Vladik/train\m423.png
E:/w/Hacatons/Vladik/train\m424.png
E:/w/Hacatons/Vladik/train\m425.png
E:/w/Hacatons/Vladik/train\m426.png
E:/w/Hacatons/Vladik/train\m429.png
E:/w/Hacatons/Vladik/train\m43.png
E:/w/Hacatons/Vladik/train\m430.png
E:/w/Hacatons/Vladik/train\m431.png
E:/w/Hacatons/Vladik/train\m432.png
E:/w/Hacatons/Vladik/train\m433.png
E:/w/Hacatons/Vladik/train\m434.png
E:/w/Hacatons/Vladik/train\m435.png
E:/w/Hacatons/Vladik/train\m436.png
E:/w/Hacatons/Vladik/train\m437.png
E:/w/Hacatons/Vladik/train\m438.png
E:/w/Hacatons/Vladik/train\m439.png
E:/w/Hacatons/Vladik/train\m44.png
E:/w/Hacatons/Vladik/train\m440.png
E:/w/Hacatons/Vladik/train\m441.png
E:/w/Hacatons/Vladik/train\m442.png
E:/w/Hacatons/Vladik/train\m443.png
E:/w/Hacatons/Vladik/train\m444.png
E:/w/Hacatons/Vladik/train\m445.png
E:/w/Hacatons/Vladik/train\m446.png
E:/w/Hacatons/Vladik/train\m447.png
E:/w/Hacatons/Vladik/train\m448.png
E:/w/Hacatons/Vladik/train\m449.png
E:/w/Hacatons/Vladik/train\m45.png
E:/w/Hacatons/Vladik/train\m450.png
E:/w/Hacatons/Vladik/train\m451.png
E:/w/Hacatons/Vladik/train\m452.png
E:/w/Hacatons/Vladik/train\m453.png
E:/w/Hacatons/Vladik/train\m454.png
E:/w/Hacatons/Vladik/train\m455.png
E:/w/Hacatons/Vladik/train\m456.png
E:/w/Hacatons/Vladik/train\m457.png
E:/w/Hacatons/Vladik/train\m458.png
E:/w/Hacatons/Vladik/train\m459.png
E:/w/Hacatons/Vladik/train\m46.png
E:/w/Hacatons/Vladik/train\m460.png
E:/w/Hacatons/Vladik/train\m461.png
E:/w/Hacatons/Vladik/train\m462.png
E:/w/Hacatons/Vladik/train\m463.png
E:/w/Hacatons/Vladik/train\m464.png
E:/w/Hacatons/Vladik/train\m465.png
E:/w/Hacatons/Vladik/train\m466.png
E:/w/Hacatons/Vladik/train\m467.png
E:/w/Hacatons/Vladik/train\m468.png
E:/w/Hacatons/Vladik/train\m47.png
E:/w/Hacatons/Vladik/train\m472.png
E:/w/Hacatons/Vladik/train\m473.png
E:/w/Hacatons/Vladik/train\m474.png
E:/w/Hacatons/Vladik/train\m475.png
E:/w/Hacatons/Vladik/train\m476.png
E:/w/Hacatons/Vladik/train\m477.png
E:/w/Hacatons/Vladik/train\m478.png
E:/w/Hacatons/Vladik/train\m479.png
E:/w/Hacatons/Vladik/train\m48.png
E:/w/Hacatons/Vladik/train\m480.png
E:/w/Hacatons/Vladik/train\m482.png
E:/w/Hacatons/Vladik/train\m483.png
E:/w/Hacatons/Vladik/train\m484.png
E:/w/Hacatons/Vladik/train\m485.png
E:/w/Hacatons/Vladik/train\m486.png
E:/w/Hacatons/Vladik/train\m488.png
E:/w/Hacatons/Vladik/train\m489.png
E:/w/Hacatons/Vladik/train\m49.png
E:/w/Hacatons/Vladik/train\m490.png
E:/w/Hacatons/Vladik/train\m492.png
E:/w/Hacatons/Vladik/train\m493.png
E:/w/Hacatons/Vladik/train\m494.png
E:/w/Hacatons/Vladik/train\m495.png
E:/w/Hacatons/Vladik/train\m496.png
E:/w/Hacatons/Vladik/train\m497.png
E:/w/Hacatons/Vladik/train\m498.png
E:/w/Hacatons/Vladik/train\m499.png
E:/w/Hacatons/Vladik/train\m5.png
E:/w/Hacatons/Vladik/train\m50.png
E:/w/Hacatons/Vladik/train\m500.png
E:/w/Hacatons/Vladik/train\m501.png
E:/w/Hacatons/Vladik/train\m502.png
E:/w/Hacatons/Vladik/train\m503.png
E:/w/Hacatons/Vladik/train\m504.png
E:/w/Hacatons/Vladik/train\m506.png
E:/w/Hacatons/Vladik/train\m507.png
E:/w/Hacatons/Vladik/train\m508.png
E:/w/Hacatons/Vladik/train\m509.png
E:/w/Hacatons/Vladik/train\m51.png
E:/w/Hacatons/Vladik/train\m510.png
E:/w/Hacatons/Vladik/train\m512.png
E:/w/Hacatons/Vladik/train\m513.png
E:/w/Hacatons/Vladik/train\m514.png
E:/w/Hacatons/Vladik/train\m515.png
E:/w/Hacatons/Vladik/train\m516.png
E:/w/Hacatons/Vladik/train\m517.png
E:/w/Hacatons/Vladik/train\m518.png
E:/w/Hacatons/Vladik/train\m519.png
E:/w/Hacatons/Vladik/train\m52.png
E:/w/Hacatons/Vladik/train\m520.png
E:/w/Hacatons/Vladik/train\m521.png
E:/w/Hacatons/Vladik/train\m522.png
E:/w/Hacatons/Vladik/train\m523 .png
E:/w/Hacatons/Vladik/train\m524.png
E:/w/Hacatons/Vladik/train\m525.png
E:/w/Hacatons/Vladik/train\m526.png
E:/w/Hacatons/Vladik/train\m528.png
E:/w/Hacatons/Vladik/train\m529.png
E:/w/Hacatons/Vladik/train\m53.png
E:/w/Hacatons/Vladik/train\m530.png
E:/w/Hacatons/Vladik/train\m531.png
E:/w/Hacatons/Vladik/train\m532.png
E:/w/Hacatons/Vladik/train\m533.png
E:/w/Hacatons/Vladik/train\m534.png
E:/w/Hacatons/Vladik/train\m536.png
E:/w/Hacatons/Vladik/train\m537.png
E:/w/Hacatons/Vladik/train\m538.png
E:/w/Hacatons/Vladik/train\m539.png
E:/w/Hacatons/Vladik/train\m54.png
E:/w/Hacatons/Vladik/train\m540.png
E:/w/Hacatons/Vladik/train\m541.png
E:/w/Hacatons/Vladik/train\m542.png
E:/w/Hacatons/Vladik/train\m543.png
E:/w/Hacatons/Vladik/train\m544.png
E:/w/Hacatons/Vladik/train\m546.png
E:/w/Hacatons/Vladik/train\m547.png
E:/w/Hacatons/Vladik/train\m548.png
E:/w/Hacatons/Vladik/train\m549.png
E:/w/Hacatons/Vladik/train\m55.png
E:/w/Hacatons/Vladik/train\m550.png
E:/w/Hacatons/Vladik/train\m554.png
E:/w/Hacatons/Vladik/train\m555.png
E:/w/Hacatons/Vladik/train\m556.png
E:/w/Hacatons/Vladik/train\m557.png
E:/w/Hacatons/Vladik/train\m558.png
E:/w/Hacatons/Vladik/train\m559.png
E:/w/Hacatons/Vladik/train\m56.png
E:/w/Hacatons/Vladik/train\m560.png
E:/w/Hacatons/Vladik/train\m561.png
E:/w/Hacatons/Vladik/train\m562.png
E:/w/Hacatons/Vladik/train\m563.png
E:/w/Hacatons/Vladik/train\m564.png
E:/w/Hacatons/Vladik/train\m566.png
E:/w/Hacatons/Vladik/train\m567.png
E:/w/Hacatons/Vladik/train\m568.png
E:/w/Hacatons/Vladik/train\m569.png
E:/w/Hacatons/Vladik/train\m57.png
E:/w/Hacatons/Vladik/train\m570.png
E:/w/Hacatons/Vladik/train\m571.png
E:/w/Hacatons/Vladik/train\m572.png
E:/w/Hacatons/Vladik/train\m573.png
E:/w/Hacatons/Vladik/train\m575.png
E:/w/Hacatons/Vladik/train\m576.png
E:/w/Hacatons/Vladik/train\m577.png
E:/w/Hacatons/Vladik/train\m578.png
E:/w/Hacatons/Vladik/train\m579.png
E:/w/Hacatons/Vladik/train\m58.png
E:/w/Hacatons/Vladik/train\m580.png
E:/w/Hacatons/Vladik/train\m581.png
E:/w/Hacatons/Vladik/train\m582.png
E:/w/Hacatons/Vladik/train\m583.png
E:/w/Hacatons/Vladik/train\m584.png
E:/w/Hacatons/Vladik/train\m586.png
E:/w/Hacatons/Vladik/train\m587.png
E:/w/Hacatons/Vladik/train\m588.png
E:/w/Hacatons/Vladik/train\m589.png
E:/w/Hacatons/Vladik/train\m59.png
E:/w/Hacatons/Vladik/train\m590.png
E:/w/Hacatons/Vladik/train\m591.png
E:/w/Hacatons/Vladik/train\m593.png
E:/w/Hacatons/Vladik/train\m594.png
E:/w/Hacatons/Vladik/train\m595.png
E:/w/Hacatons/Vladik/train\m596.png
E:/w/Hacatons/Vladik/train\m597.png
E:/w/Hacatons/Vladik/train\m598.png
E:/w/Hacatons/Vladik/train\m599.png
E:/w/Hacatons/Vladik/train\m6.png
E:/w/Hacatons/Vladik/train\m60.png
E:/w/Hacatons/Vladik/train\m601.png
E:/w/Hacatons/Vladik/train\m602.png
E:/w/Hacatons/Vladik/train\m603.png
E:/w/Hacatons/Vladik/train\m604.png
E:/w/Hacatons/Vladik/train\m605.png
E:/w/Hacatons/Vladik/train\m606.png
E:/w/Hacatons/Vladik/train\m607.png
E:/w/Hacatons/Vladik/train\m609.png
E:/w/Hacatons/Vladik/train\m61.png
E:/w/Hacatons/Vladik/train\m610.png
E:/w/Hacatons/Vladik/train\m612.png
E:/w/Hacatons/Vladik/train\m613.png
E:/w/Hacatons/Vladik/train\m614.png
E:/w/Hacatons/Vladik/train\m615.png
E:/w/Hacatons/Vladik/train\m619.png
E:/w/Hacatons/Vladik/train\m62.png
E:/w/Hacatons/Vladik/train\m621.png
E:/w/Hacatons/Vladik/train\m622.png
E:/w/Hacatons/Vladik/train\m623.png
E:/w/Hacatons/Vladik/train\m624.png
E:/w/Hacatons/Vladik/train\m625.png
E:/w/Hacatons/Vladik/train\m626.png
E:/w/Hacatons/Vladik/train\m628.png
E:/w/Hacatons/Vladik/train\m629.png
E:/w/Hacatons/Vladik/train\m63.png
E:/w/Hacatons/Vladik/train\m631.png
E:/w/Hacatons/Vladik/train\m632.png
E:/w/Hacatons/Vladik/train\m633.png
E:/w/Hacatons/Vladik/train\m634.png
E:/w/Hacatons/Vladik/train\m635.png
E:/w/Hacatons/Vladik/train\m636.png
E:/w/Hacatons/Vladik/train\m637.png
E:/w/Hacatons/Vladik/train\m638.png
E:/w/Hacatons/Vladik/train\m639.png
E:/w/Hacatons/Vladik/train\m64.png
E:/w/Hacatons/Vladik/train\m640.png
E:/w/Hacatons/Vladik/train\m641.png
E:/w/Hacatons/Vladik/train\m642.png
E:/w/Hacatons/Vladik/train\m643.png
E:/w/Hacatons/Vladik/train\m644.png
E:/w/Hacatons/Vladik/train\m645.png
E:/w/Hacatons/Vladik/train\m646.png
E:/w/Hacatons/Vladik/train\m648.png
E:/w/Hacatons/Vladik/train\m649.png
E:/w/Hacatons/Vladik/train\m65.png
E:/w/Hacatons/Vladik/train\m652.png
E:/w/Hacatons/Vladik/train\m653.png
E:/w/Hacatons/Vladik/train\m655.png
E:/w/Hacatons/Vladik/train\m656.png
E:/w/Hacatons/Vladik/train\m657.png
E:/w/Hacatons/Vladik/train\m659.png
E:/w/Hacatons/Vladik/train\m66.png
E:/w/Hacatons/Vladik/train\m660.png
E:/w/Hacatons/Vladik/train\m661.png
E:/w/Hacatons/Vladik/train\m662.png
E:/w/Hacatons/Vladik/train\m664.png
E:/w/Hacatons/Vladik/train\m666.png
E:/w/Hacatons/Vladik/train\m667.png
E:/w/Hacatons/Vladik/train\m669.png
E:/w/Hacatons/Vladik/train\m67.png
E:/w/Hacatons/Vladik/train\m670.png
E:/w/Hacatons/Vladik/train\m671.png
E:/w/Hacatons/Vladik/train\m673.png
E:/w/Hacatons/Vladik/train\m675.png
E:/w/Hacatons/Vladik/train\m676.png
E:/w/Hacatons/Vladik/train\m677.png
E:/w/Hacatons/Vladik/train\m679.png
E:/w/Hacatons/Vladik/train\m68.png
E:/w/Hacatons/Vladik/train\m680.png
E:/w/Hacatons/Vladik/train\m681.png
E:/w/Hacatons/Vladik/train\m682.png
E:/w/Hacatons/Vladik/train\m683.png
E:/w/Hacatons/Vladik/train\m684.png
E:/w/Hacatons/Vladik/train\m685.png
E:/w/Hacatons/Vladik/train\m686.png
E:/w/Hacatons/Vladik/train\m687.png
E:/w/Hacatons/Vladik/train\m689.png
E:/w/Hacatons/Vladik/train\m691.png
E:/w/Hacatons/Vladik/train\m692.png
E:/w/Hacatons/Vladik/train\m694.png
E:/w/Hacatons/Vladik/train\m695.png
E:/w/Hacatons/Vladik/train\m698.png
E:/w/Hacatons/Vladik/train\m7.png
E:/w/Hacatons/Vladik/train\m70.png
E:/w/Hacatons/Vladik/train\m700.png
E:/w/Hacatons/Vladik/train\m701.png
E:/w/Hacatons/Vladik/train\m702.png
E:/w/Hacatons/Vladik/train\m703.png
E:/w/Hacatons/Vladik/train\m704.png
E:/w/Hacatons/Vladik/train\m705.png
E:/w/Hacatons/Vladik/train\m707.png
E:/w/Hacatons/Vladik/train\m708.png
E:/w/Hacatons/Vladik/train\m709.png
E:/w/Hacatons/Vladik/train\m71.png
E:/w/Hacatons/Vladik/train\m710.png
E:/w/Hacatons/Vladik/train\m712.png
E:/w/Hacatons/Vladik/train\m713.png
E:/w/Hacatons/Vladik/train\m714.png
E:/w/Hacatons/Vladik/train\m715.png
E:/w/Hacatons/Vladik/train\m716.png
E:/w/Hacatons/Vladik/train\m717.png
E:/w/Hacatons/Vladik/train\m719.png
E:/w/Hacatons/Vladik/train\m720.png
E:/w/Hacatons/Vladik/train\m721.png
E:/w/Hacatons/Vladik/train\m722.png
E:/w/Hacatons/Vladik/train\m723.png
E:/w/Hacatons/Vladik/train\m724.png
E:/w/Hacatons/Vladik/train\m725.png
E:/w/Hacatons/Vladik/train\m726.png
E:/w/Hacatons/Vladik/train\m727.png
E:/w/Hacatons/Vladik/train\m728.png
E:/w/Hacatons/Vladik/train\m73.png
E:/w/Hacatons/Vladik/train\m731.png
E:/w/Hacatons/Vladik/train\m732.png
E:/w/Hacatons/Vladik/train\m734.png
E:/w/Hacatons/Vladik/train\m735.png
E:/w/Hacatons/Vladik/train\m737.png
E:/w/Hacatons/Vladik/train\m738.png
E:/w/Hacatons/Vladik/train\m739.png
E:/w/Hacatons/Vladik/train\m74.png
E:/w/Hacatons/Vladik/train\m740.png
E:/w/Hacatons/Vladik/train\m741.png
E:/w/Hacatons/Vladik/train\m742.png
E:/w/Hacatons/Vladik/train\m743.png
E:/w/Hacatons/Vladik/train\m744.png
E:/w/Hacatons/Vladik/train\m745.png
E:/w/Hacatons/Vladik/train\m746.png
E:/w/Hacatons/Vladik/train\m747.png
E:/w/Hacatons/Vladik/train\m748.png
E:/w/Hacatons/Vladik/train\m75.png
E:/w/Hacatons/Vladik/train\m750.png
E:/w/Hacatons/Vladik/train\m751.png
E:/w/Hacatons/Vladik/train\m752.png
E:/w/Hacatons/Vladik/train\m753.png
E:/w/Hacatons/Vladik/train\m754.png
E:/w/Hacatons/Vladik/train\m755.png
E:/w/Hacatons/Vladik/train\m756.png
E:/w/Hacatons/Vladik/train\m758.png
E:/w/Hacatons/Vladik/train\m759.png
E:/w/Hacatons/Vladik/train\m76.png
E:/w/Hacatons/Vladik/train\m760.png
E:/w/Hacatons/Vladik/train\m761.png
E:/w/Hacatons/Vladik/train\m762.png
E:/w/Hacatons/Vladik/train\m763.png
E:/w/Hacatons/Vladik/train\m764.png
E:/w/Hacatons/Vladik/train\m765.png
E:/w/Hacatons/Vladik/train\m766.png
E:/w/Hacatons/Vladik/train\m767.png
E:/w/Hacatons/Vladik/train\m768.png
E:/w/Hacatons/Vladik/train\m769.png
E:/w/Hacatons/Vladik/train\m77.png
E:/w/Hacatons/Vladik/train\m770.png
E:/w/Hacatons/Vladik/train\m771.png
E:/w/Hacatons/Vladik/train\m772.png
E:/w/Hacatons/Vladik/train\m773.png
E:/w/Hacatons/Vladik/train\m774.png
E:/w/Hacatons/Vladik/train\m775.png
E:/w/Hacatons/Vladik/train\m776.png
E:/w/Hacatons/Vladik/train\m777.png
E:/w/Hacatons/Vladik/train\m778.png
E:/w/Hacatons/Vladik/train\m779.png
E:/w/Hacatons/Vladik/train\m78.png
E:/w/Hacatons/Vladik/train\m780.png
E:/w/Hacatons/Vladik/train\m782.png
E:/w/Hacatons/Vladik/train\m8.png
E:/w/Hacatons/Vladik/train\m80.png
E:/w/Hacatons/Vladik/train\m81.png
E:/w/Hacatons/Vladik/train\m82.png
E:/w/Hacatons/Vladik/train\m83.png
E:/w/Hacatons/Vladik/train\m84.png
E:/w/Hacatons/Vladik/train\m85.png
E:/w/Hacatons/Vladik/train\m86.png
E:/w/Hacatons/Vladik/train\m88.png
E:/w/Hacatons/Vladik/train\m9.png
E:/w/Hacatons/Vladik/train\m90.png
E:/w/Hacatons/Vladik/train\m91.png
E:/w/Hacatons/Vladik/train\m92.png
E:/w/Hacatons/Vladik/train\m95.png
E:/w/Hacatons/Vladik/train\m96.png
E:/w/Hacatons/Vladik/train\m97.png
E:/w/Hacatons/Vladik/train\m98.png
E:/w/Hacatons/Vladik/train\m99.png
