E:/w/Hacatons/Vladik/finaltest_m\1001.png
E:/w/Hacatons/Vladik/finaltest_m\1002.png
E:/w/Hacatons/Vladik/finaltest_m\1003.png
E:/w/Hacatons/Vladik/finaltest_m\1004.png
E:/w/Hacatons/Vladik/finaltest_m\1005.png
E:/w/Hacatons/Vladik/finaltest_m\1007.png
E:/w/Hacatons/Vladik/finaltest_m\1008.png
E:/w/Hacatons/Vladik/finaltest_m\1009.png
E:/w/Hacatons/Vladik/finaltest_m\1010.png
E:/w/Hacatons/Vladik/finaltest_m\1011.png
E:/w/Hacatons/Vladik/finaltest_m\1012.png
E:/w/Hacatons/Vladik/finaltest_m\1013.png
E:/w/Hacatons/Vladik/finaltest_m\1014.png
E:/w/Hacatons/Vladik/finaltest_m\1015.png
E:/w/Hacatons/Vladik/finaltest_m\1016.png
E:/w/Hacatons/Vladik/finaltest_m\1017.png
E:/w/Hacatons/Vladik/finaltest_m\1018.png
E:/w/Hacatons/Vladik/finaltest_m\1019.png
E:/w/Hacatons/Vladik/finaltest_m\1020.png
E:/w/Hacatons/Vladik/finaltest_m\1022.png
E:/w/Hacatons/Vladik/finaltest_m\1023.png
E:/w/Hacatons/Vladik/finaltest_m\1024.png
E:/w/Hacatons/Vladik/finaltest_m\1025.png
E:/w/Hacatons/Vladik/finaltest_m\1026.png
E:/w/Hacatons/Vladik/finaltest_m\1027.png
E:/w/Hacatons/Vladik/finaltest_m\1028.png
E:/w/Hacatons/Vladik/finaltest_m\1029.png
E:/w/Hacatons/Vladik/finaltest_m\1031.png
E:/w/Hacatons/Vladik/finaltest_m\1032.png
E:/w/Hacatons/Vladik/finaltest_m\1033.png
E:/w/Hacatons/Vladik/finaltest_m\1034.png
E:/w/Hacatons/Vladik/finaltest_m\1035.png
E:/w/Hacatons/Vladik/finaltest_m\1036.png
E:/w/Hacatons/Vladik/finaltest_m\1037.png
E:/w/Hacatons/Vladik/finaltest_m\1038.png
E:/w/Hacatons/Vladik/finaltest_m\1039.png
E:/w/Hacatons/Vladik/finaltest_m\1041.png
E:/w/Hacatons/Vladik/finaltest_m\1042.png
E:/w/Hacatons/Vladik/finaltest_m\1043.png
E:/w/Hacatons/Vladik/finaltest_m\1044.png
E:/w/Hacatons/Vladik/finaltest_m\1045.png
E:/w/Hacatons/Vladik/finaltest_m\1046.png
E:/w/Hacatons/Vladik/finaltest_m\1047.png
E:/w/Hacatons/Vladik/finaltest_m\1048.png
E:/w/Hacatons/Vladik/finaltest_m\1049.png
E:/w/Hacatons/Vladik/finaltest_m\1050.png
E:/w/Hacatons/Vladik/finaltest_m\1051.png
E:/w/Hacatons/Vladik/finaltest_m\1052.png
E:/w/Hacatons/Vladik/finaltest_m\1053.png
E:/w/Hacatons/Vladik/finaltest_m\1054.png
E:/w/Hacatons/Vladik/finaltest_m\1055.png
E:/w/Hacatons/Vladik/finaltest_m\1056.png
E:/w/Hacatons/Vladik/finaltest_m\1057.png
E:/w/Hacatons/Vladik/finaltest_m\1058.png
E:/w/Hacatons/Vladik/finaltest_m\1059.png
E:/w/Hacatons/Vladik/finaltest_m\1060.png
E:/w/Hacatons/Vladik/finaltest_m\1062.png
E:/w/Hacatons/Vladik/finaltest_m\1063.png
E:/w/Hacatons/Vladik/finaltest_m\1064.png
E:/w/Hacatons/Vladik/finaltest_m\1066.png
E:/w/Hacatons/Vladik/finaltest_m\1067.png
E:/w/Hacatons/Vladik/finaltest_m\1068.png
E:/w/Hacatons/Vladik/finaltest_m\1069.png
E:/w/Hacatons/Vladik/finaltest_m\1070.png
E:/w/Hacatons/Vladik/finaltest_m\1072.png
E:/w/Hacatons/Vladik/finaltest_m\1073.png
E:/w/Hacatons/Vladik/finaltest_m\1074.png
E:/w/Hacatons/Vladik/finaltest_m\1075.png
E:/w/Hacatons/Vladik/finaltest_m\1076.png
E:/w/Hacatons/Vladik/finaltest_m\1077.png
E:/w/Hacatons/Vladik/finaltest_m\1078.png
E:/w/Hacatons/Vladik/finaltest_m\1079.png
E:/w/Hacatons/Vladik/finaltest_m\1080.png
E:/w/Hacatons/Vladik/finaltest_m\1081.png
E:/w/Hacatons/Vladik/finaltest_m\1082.png
E:/w/Hacatons/Vladik/finaltest_m\1083.png
E:/w/Hacatons/Vladik/finaltest_m\1084.png
E:/w/Hacatons/Vladik/finaltest_m\1085.png
E:/w/Hacatons/Vladik/finaltest_m\1086.png
E:/w/Hacatons/Vladik/finaltest_m\1087.png
E:/w/Hacatons/Vladik/finaltest_m\1088.png
E:/w/Hacatons/Vladik/finaltest_m\1089.png
E:/w/Hacatons/Vladik/finaltest_m\1090.png
E:/w/Hacatons/Vladik/finaltest_m\1091.png
E:/w/Hacatons/Vladik/finaltest_m\1092.png
E:/w/Hacatons/Vladik/finaltest_m\1093.png
E:/w/Hacatons/Vladik/finaltest_m\1094.png
E:/w/Hacatons/Vladik/finaltest_m\1096.png
E:/w/Hacatons/Vladik/finaltest_m\1097.png
E:/w/Hacatons/Vladik/finaltest_m\1098.png
E:/w/Hacatons/Vladik/finaltest_m\1099.png
E:/w/Hacatons/Vladik/finaltest_m\1100.png
E:/w/Hacatons/Vladik/finaltest_m\1101.png
E:/w/Hacatons/Vladik/finaltest_m\1102.png
E:/w/Hacatons/Vladik/finaltest_m\1103.png
E:/w/Hacatons/Vladik/finaltest_m\1104.png
E:/w/Hacatons/Vladik/finaltest_m\1105.png
E:/w/Hacatons/Vladik/finaltest_m\1106.png
E:/w/Hacatons/Vladik/finaltest_m\1107.png
E:/w/Hacatons/Vladik/finaltest_m\1108.png
E:/w/Hacatons/Vladik/finaltest_m\1109.png
E:/w/Hacatons/Vladik/finaltest_m\1110.png
E:/w/Hacatons/Vladik/finaltest_m\1111.png
E:/w/Hacatons/Vladik/finaltest_m\1112.png
E:/w/Hacatons/Vladik/finaltest_m\1113.png
E:/w/Hacatons/Vladik/finaltest_m\1114.png
E:/w/Hacatons/Vladik/finaltest_m\1116.png
E:/w/Hacatons/Vladik/finaltest_m\784.png
E:/w/Hacatons/Vladik/finaltest_m\787.png
E:/w/Hacatons/Vladik/finaltest_m\788.png
E:/w/Hacatons/Vladik/finaltest_m\789.png
E:/w/Hacatons/Vladik/finaltest_m\791.png
E:/w/Hacatons/Vladik/finaltest_m\792.png
E:/w/Hacatons/Vladik/finaltest_m\795.png
E:/w/Hacatons/Vladik/finaltest_m\797.png
E:/w/Hacatons/Vladik/finaltest_m\798.png
E:/w/Hacatons/Vladik/finaltest_m\799.png
E:/w/Hacatons/Vladik/finaltest_m\800.png
E:/w/Hacatons/Vladik/finaltest_m\802.png
E:/w/Hacatons/Vladik/finaltest_m\803.png
E:/w/Hacatons/Vladik/finaltest_m\804.png
E:/w/Hacatons/Vladik/finaltest_m\805.png
E:/w/Hacatons/Vladik/finaltest_m\806.png
E:/w/Hacatons/Vladik/finaltest_m\807.png
E:/w/Hacatons/Vladik/finaltest_m\808.png
E:/w/Hacatons/Vladik/finaltest_m\809.png
E:/w/Hacatons/Vladik/finaltest_m\810.png
E:/w/Hacatons/Vladik/finaltest_m\811.png
E:/w/Hacatons/Vladik/finaltest_m\815.png
E:/w/Hacatons/Vladik/finaltest_m\816.png
E:/w/Hacatons/Vladik/finaltest_m\817.png
E:/w/Hacatons/Vladik/finaltest_m\818.png
E:/w/Hacatons/Vladik/finaltest_m\819.png
E:/w/Hacatons/Vladik/finaltest_m\820.png
E:/w/Hacatons/Vladik/finaltest_m\822.png
E:/w/Hacatons/Vladik/finaltest_m\823.png
E:/w/Hacatons/Vladik/finaltest_m\824.png
E:/w/Hacatons/Vladik/finaltest_m\825.png
E:/w/Hacatons/Vladik/finaltest_m\826.png
E:/w/Hacatons/Vladik/finaltest_m\827.png
E:/w/Hacatons/Vladik/finaltest_m\828.png
E:/w/Hacatons/Vladik/finaltest_m\829.png
E:/w/Hacatons/Vladik/finaltest_m\830.png
E:/w/Hacatons/Vladik/finaltest_m\831.png
E:/w/Hacatons/Vladik/finaltest_m\832.png
E:/w/Hacatons/Vladik/finaltest_m\833.png
E:/w/Hacatons/Vladik/finaltest_m\834.png
E:/w/Hacatons/Vladik/finaltest_m\836.png
E:/w/Hacatons/Vladik/finaltest_m\837.png
E:/w/Hacatons/Vladik/finaltest_m\838.png
E:/w/Hacatons/Vladik/finaltest_m\839.png
E:/w/Hacatons/Vladik/finaltest_m\840.png
E:/w/Hacatons/Vladik/finaltest_m\841.png
E:/w/Hacatons/Vladik/finaltest_m\842.png
E:/w/Hacatons/Vladik/finaltest_m\843.png
E:/w/Hacatons/Vladik/finaltest_m\844.png
E:/w/Hacatons/Vladik/finaltest_m\845.png
E:/w/Hacatons/Vladik/finaltest_m\846.png
E:/w/Hacatons/Vladik/finaltest_m\847.png
E:/w/Hacatons/Vladik/finaltest_m\848.png
E:/w/Hacatons/Vladik/finaltest_m\849.png
E:/w/Hacatons/Vladik/finaltest_m\850.png
E:/w/Hacatons/Vladik/finaltest_m\851.png
E:/w/Hacatons/Vladik/finaltest_m\852.png
E:/w/Hacatons/Vladik/finaltest_m\853.png
E:/w/Hacatons/Vladik/finaltest_m\854.png
E:/w/Hacatons/Vladik/finaltest_m\855.png
E:/w/Hacatons/Vladik/finaltest_m\856.png
E:/w/Hacatons/Vladik/finaltest_m\857.png
E:/w/Hacatons/Vladik/finaltest_m\858.png
E:/w/Hacatons/Vladik/finaltest_m\859.png
E:/w/Hacatons/Vladik/finaltest_m\860.png
E:/w/Hacatons/Vladik/finaltest_m\861.png
E:/w/Hacatons/Vladik/finaltest_m\862.png
E:/w/Hacatons/Vladik/finaltest_m\864.png
E:/w/Hacatons/Vladik/finaltest_m\866.png
E:/w/Hacatons/Vladik/finaltest_m\867.png
E:/w/Hacatons/Vladik/finaltest_m\868.png
E:/w/Hacatons/Vladik/finaltest_m\869.png
E:/w/Hacatons/Vladik/finaltest_m\870.png
E:/w/Hacatons/Vladik/finaltest_m\871.png
E:/w/Hacatons/Vladik/finaltest_m\872.png
E:/w/Hacatons/Vladik/finaltest_m\873.png
E:/w/Hacatons/Vladik/finaltest_m\874.png
E:/w/Hacatons/Vladik/finaltest_m\875.png
E:/w/Hacatons/Vladik/finaltest_m\876.png
E:/w/Hacatons/Vladik/finaltest_m\877.png
E:/w/Hacatons/Vladik/finaltest_m\878.png
E:/w/Hacatons/Vladik/finaltest_m\879.png
E:/w/Hacatons/Vladik/finaltest_m\881.png
E:/w/Hacatons/Vladik/finaltest_m\882.png
E:/w/Hacatons/Vladik/finaltest_m\883.png
E:/w/Hacatons/Vladik/finaltest_m\884.png
E:/w/Hacatons/Vladik/finaltest_m\885.png
E:/w/Hacatons/Vladik/finaltest_m\886.png
E:/w/Hacatons/Vladik/finaltest_m\887.png
E:/w/Hacatons/Vladik/finaltest_m\888.png
E:/w/Hacatons/Vladik/finaltest_m\889.png
E:/w/Hacatons/Vladik/finaltest_m\890.png
E:/w/Hacatons/Vladik/finaltest_m\891.png
E:/w/Hacatons/Vladik/finaltest_m\892.png
E:/w/Hacatons/Vladik/finaltest_m\893.png
E:/w/Hacatons/Vladik/finaltest_m\894.png
E:/w/Hacatons/Vladik/finaltest_m\895.png
E:/w/Hacatons/Vladik/finaltest_m\896.png
E:/w/Hacatons/Vladik/finaltest_m\897.png
E:/w/Hacatons/Vladik/finaltest_m\898.png
E:/w/Hacatons/Vladik/finaltest_m\899.png
E:/w/Hacatons/Vladik/finaltest_m\900.png
E:/w/Hacatons/Vladik/finaltest_m\901.png
E:/w/Hacatons/Vladik/finaltest_m\902.png
E:/w/Hacatons/Vladik/finaltest_m\903.png
E:/w/Hacatons/Vladik/finaltest_m\904.png
E:/w/Hacatons/Vladik/finaltest_m\905.png
E:/w/Hacatons/Vladik/finaltest_m\906.png
E:/w/Hacatons/Vladik/finaltest_m\907.png
E:/w/Hacatons/Vladik/finaltest_m\908.png
E:/w/Hacatons/Vladik/finaltest_m\909.png
E:/w/Hacatons/Vladik/finaltest_m\910.png
E:/w/Hacatons/Vladik/finaltest_m\911.png
E:/w/Hacatons/Vladik/finaltest_m\912.png
E:/w/Hacatons/Vladik/finaltest_m\913.png
E:/w/Hacatons/Vladik/finaltest_m\914.png
E:/w/Hacatons/Vladik/finaltest_m\915.png
E:/w/Hacatons/Vladik/finaltest_m\916.png
E:/w/Hacatons/Vladik/finaltest_m\917.png
E:/w/Hacatons/Vladik/finaltest_m\918.png
E:/w/Hacatons/Vladik/finaltest_m\919.png
E:/w/Hacatons/Vladik/finaltest_m\920.png
E:/w/Hacatons/Vladik/finaltest_m\921.png
E:/w/Hacatons/Vladik/finaltest_m\923.png
E:/w/Hacatons/Vladik/finaltest_m\924.png
E:/w/Hacatons/Vladik/finaltest_m\926.png
E:/w/Hacatons/Vladik/finaltest_m\927.png
E:/w/Hacatons/Vladik/finaltest_m\928.png
E:/w/Hacatons/Vladik/finaltest_m\929.png
E:/w/Hacatons/Vladik/finaltest_m\930.png
E:/w/Hacatons/Vladik/finaltest_m\931.png
E:/w/Hacatons/Vladik/finaltest_m\932.png
E:/w/Hacatons/Vladik/finaltest_m\933.png
E:/w/Hacatons/Vladik/finaltest_m\934.png
E:/w/Hacatons/Vladik/finaltest_m\935.png
E:/w/Hacatons/Vladik/finaltest_m\936.png
E:/w/Hacatons/Vladik/finaltest_m\937.png
E:/w/Hacatons/Vladik/finaltest_m\939.png
E:/w/Hacatons/Vladik/finaltest_m\940.png
E:/w/Hacatons/Vladik/finaltest_m\941.png
E:/w/Hacatons/Vladik/finaltest_m\942.png
E:/w/Hacatons/Vladik/finaltest_m\943.png
E:/w/Hacatons/Vladik/finaltest_m\944.png
E:/w/Hacatons/Vladik/finaltest_m\945.png
E:/w/Hacatons/Vladik/finaltest_m\946.png
E:/w/Hacatons/Vladik/finaltest_m\947.png
E:/w/Hacatons/Vladik/finaltest_m\948.png
E:/w/Hacatons/Vladik/finaltest_m\949.png
E:/w/Hacatons/Vladik/finaltest_m\950.png
E:/w/Hacatons/Vladik/finaltest_m\951.png
E:/w/Hacatons/Vladik/finaltest_m\952.png
E:/w/Hacatons/Vladik/finaltest_m\953.png
E:/w/Hacatons/Vladik/finaltest_m\954.png
E:/w/Hacatons/Vladik/finaltest_m\955.png
E:/w/Hacatons/Vladik/finaltest_m\956.png
E:/w/Hacatons/Vladik/finaltest_m\957.png
E:/w/Hacatons/Vladik/finaltest_m\958.png
E:/w/Hacatons/Vladik/finaltest_m\960.png
E:/w/Hacatons/Vladik/finaltest_m\961.png
E:/w/Hacatons/Vladik/finaltest_m\962.png
E:/w/Hacatons/Vladik/finaltest_m\963.png
E:/w/Hacatons/Vladik/finaltest_m\964.png
E:/w/Hacatons/Vladik/finaltest_m\965.png
E:/w/Hacatons/Vladik/finaltest_m\966.png
E:/w/Hacatons/Vladik/finaltest_m\967.png
E:/w/Hacatons/Vladik/finaltest_m\969.png
E:/w/Hacatons/Vladik/finaltest_m\970.png
E:/w/Hacatons/Vladik/finaltest_m\971.png
E:/w/Hacatons/Vladik/finaltest_m\972.png
E:/w/Hacatons/Vladik/finaltest_m\974.png
E:/w/Hacatons/Vladik/finaltest_m\975.png
E:/w/Hacatons/Vladik/finaltest_m\976.png
E:/w/Hacatons/Vladik/finaltest_m\977.png
E:/w/Hacatons/Vladik/finaltest_m\978.png
E:/w/Hacatons/Vladik/finaltest_m\979.png
E:/w/Hacatons/Vladik/finaltest_m\980.png
E:/w/Hacatons/Vladik/finaltest_m\981.png
E:/w/Hacatons/Vladik/finaltest_m\982.png
E:/w/Hacatons/Vladik/finaltest_m\983.png
E:/w/Hacatons/Vladik/finaltest_m\984.png
E:/w/Hacatons/Vladik/finaltest_m\985.png
E:/w/Hacatons/Vladik/finaltest_m\986.png
E:/w/Hacatons/Vladik/finaltest_m\987.png
E:/w/Hacatons/Vladik/finaltest_m\988.png
E:/w/Hacatons/Vladik/finaltest_m\990.png
E:/w/Hacatons/Vladik/finaltest_m\991.png
E:/w/Hacatons/Vladik/finaltest_m\992.png
E:/w/Hacatons/Vladik/finaltest_m\993.png
E:/w/Hacatons/Vladik/finaltest_m\994.png
E:/w/Hacatons/Vladik/finaltest_m\995.png
E:/w/Hacatons/Vladik/finaltest_m\996.png
E:/w/Hacatons/Vladik/finaltest_m\997.png
E:/w/Hacatons/Vladik/finaltest_m\998.png
E:/w/Hacatons/Vladik/finaltest_m\999.png
